03/07/26 11:03:12 - INFO - ✓ Datos cargados en memoria
03/07/26 11:03:12 - INFO - ✓ Guardado automático cada 30 s
03/07/26 11:03:12 - INFO - ============================================================
03/07/26 11:03:12 - INFO - 🎓 SERVIDOR DE ELECCIONES (v3 - Threading)
03/07/26 11:03:12 - INFO - ============================================================
03/07/26 11:03:12 - INFO - ✓ Puerto: 3000
03/07/26 11:03:12 - INFO - ✓ Modo: multi-hilo (hasta 50+ usuarios simultáneos)
03/07/26 11:03:12 - INFO - ✓ Logs: logs\03_07_26_11_03.log
03/07/26 11:03:12 - INFO - 🌐 Local:  http://localhost:3000
03/07/26 11:03:12 - INFO - 📱 Red:    http://192.168.100.66:3000
03/07/26 11:03:12 - INFO - 🖥️  Panel admin abierto automáticamente: http://localhost:3000/admin-dashboard
03/07/26 11:03:12 - INFO - 
03/07/26 11:03:12 - INFO - 🌐 Nueva IP: 127.0.0.1
03/07/26 11:03:30 - INFO - 🔒 Votaciones bloqueadas
03/07/26 11:03:31 - INFO - 🔒 Votaciones activadas
03/07/26 11:03:31 - INFO - 🔒 Votaciones bloqueadas
03/07/26 11:03:33 - INFO - 🔒 Votaciones activadas
03/07/26 11:03:39 - INFO - 🗳️ Modo de votación cambiado a: votación por puntaje
03/07/26 11:03:44 - INFO - 🗳️ Modo de votación cambiado a: votación directa
03/07/26 11:07:47 - INFO - 🧹 Todos los votos eliminados
03/07/26 11:08:30 - INFO - 🌐 Nueva IP: 192.168.100.58
03/07/26 11:08:46 - INFO - ✓ Login: pato (dev_jr4j…)
03/07/26 11:08:46 - INFO - ✓ Login: pato (dev_jr4j…)
03/07/26 11:08:56 - INFO - ✓ Votos actualizados: 1 totales
03/07/26 11:09:00 - INFO - ✓ Votos actualizados: 2 totales
03/07/26 11:09:05 - INFO - ✓ Votos actualizados: 3 totales
03/07/26 11:09:09 - INFO - ✓ Votos actualizados: 4 totales
03/07/26 11:09:13 - INFO - ✓ Votos actualizados: 5 totales
