04/06/26 09:37:54 - INFO - ✓ Datos cargados en memoria
04/06/26 09:37:54 - INFO - ✓ Guardado automático cada 30 s
04/06/26 09:37:54 - INFO - ============================================================
04/06/26 09:37:54 - INFO - 🎓 SERVIDOR DE ELECCIONES (v3 - Threading)
04/06/26 09:37:54 - INFO - ============================================================
04/06/26 09:37:54 - INFO - ✓ Puerto: 3000
04/06/26 09:37:54 - INFO - ✓ Modo: multi-hilo (hasta 50+ usuarios simultáneos)
04/06/26 09:37:54 - INFO - ✓ Logs: logs\04_06_26_09_37.log
04/06/26 09:37:54 - INFO - 🌐 Local:  http://localhost:3000
04/06/26 09:37:54 - INFO - 📱 Red:    http://192.168.100.66:3000
04/06/26 09:37:54 - INFO - 🖥️  Panel admin abierto automáticamente: http://localhost:3000/admin-dashboard
04/06/26 09:37:54 - INFO - 
04/06/26 09:37:55 - INFO - 🌐 Nueva IP: 127.0.0.1
04/06/26 09:38:02 - INFO - 🗳️ Modo de votación cambiado a: votación por puntaje
04/06/26 09:38:20 - INFO - ✓ Categorías de votación actualizadas: 4
04/06/26 09:38:23 - INFO - ✓ Categorías de votación actualizadas: 3
04/06/26 09:38:28 - INFO - ✓ Categorías de votación actualizadas: 4
04/06/26 09:38:36 - INFO - 🌐 Nueva IP: 192.168.100.55
04/06/26 09:38:36 - INFO - ✓ Login: pato (dev_b1sj…)
04/06/26 09:42:56 - INFO - 🧹 Todos los votos eliminados
04/06/26 09:42:57 - INFO - 🧹 Todos los votos eliminados
04/06/26 09:44:20 - INFO - ✓ Votos actualizados: 1 totales
04/06/26 09:44:36 - INFO - ✓ Votos actualizados: 2 totales
04/06/26 09:44:41 - INFO - ✓ Votos actualizados: 2 totales
04/06/26 09:44:44 - INFO - ✓ Votos actualizados: 2 totales
04/06/26 09:45:04 - INFO - ✓ Votos actualizados: 2 totales
04/06/26 09:46:23 - INFO - ✓ Votos actualizados: 2 totales
04/06/26 09:46:31 - INFO - ✓ Votos actualizados: 2 totales
04/06/26 09:46:36 - INFO - ✓ Votos actualizados: 2 totales
04/06/26 09:46:41 - INFO - ✓ Votos actualizados: 2 totales
04/06/26 09:50:35 - INFO - ✓ Candidatas actualizadas: 7
04/06/26 09:51:14 - INFO - 🧹 Todos los votos eliminados
04/06/26 09:51:16 - INFO - 🧹 Todos los votos eliminados
04/06/26 09:51:17 - INFO - 🗳️ Modo de votación cambiado a: votación directa
04/06/26 09:51:19 - INFO - 🗳️ Modo de votación cambiado a: votación por puntaje
04/06/26 09:51:20 - INFO - 🗳️ Modo de votación cambiado a: votación directa
04/06/26 09:51:28 - INFO - 🗳️ Modo de votación cambiado a: votación por puntaje
04/06/26 09:51:39 - INFO - ✓ Votos actualizados: 1 totales
04/06/26 09:51:59 - INFO - ✓ Votos actualizados: 2 totales
04/06/26 09:52:18 - INFO - ✓ Votos actualizados: 3 totales
04/06/26 09:52:28 - INFO - 🔒 Votaciones bloqueadas
04/06/26 09:54:24 - INFO - 🔒 Votaciones activadas
04/06/26 09:54:28 - INFO - 🗳️ Modo de votación cambiado a: votación directa
04/06/26 09:54:31 - INFO - 🗳️ Modo de votación cambiado a: votación por puntaje
04/06/26 09:59:02 - INFO - 🧹 Todos los votos eliminados
04/06/26 09:59:17 - INFO - 🔒 Votaciones bloqueadas
04/06/26 09:59:18 - INFO - 🔒 Votaciones activadas
04/06/26 09:59:19 - INFO - 🔒 Votaciones bloqueadas
04/06/26 09:59:21 - INFO - 🔒 Votaciones activadas
04/06/26 09:59:47 - INFO - 🗳️ Modo de votación cambiado a: votación directa
04/06/26 09:59:52 - INFO - ✓ Votos actualizados: 1 totales
04/06/26 09:59:56 - INFO - ✓ Votos actualizados: 2 totales
04/06/26 10:00:05 - INFO - ✓ Votos actualizados: 3 totales
04/06/26 10:00:30 - INFO - ✓ Votos actualizados: 4 totales
