11/06/26 09:37:18 - INFO - ✓ Datos cargados en memoria
11/06/26 09:37:18 - INFO - ✓ Guardado automático cada 30 s
11/06/26 09:37:18 - INFO - ============================================================
11/06/26 09:37:18 - INFO - 🎓 SERVIDOR DE ELECCIONES (v3 - Threading)
11/06/26 09:37:18 - INFO - ============================================================
11/06/26 09:37:18 - INFO - ✓ Puerto: 3000
11/06/26 09:37:18 - INFO - ✓ Modo: multi-hilo (hasta 50+ usuarios simultáneos)
11/06/26 09:37:18 - INFO - ✓ Logs: logs\11_06_26_09_37.log
11/06/26 09:37:18 - INFO - 🌐 Local:  http://localhost:3000
11/06/26 09:37:18 - INFO - 📱 Red:    http://192.168.100.66:3000
11/06/26 09:37:18 - INFO - 🖥️  Panel admin abierto automáticamente: http://localhost:3000/admin-dashboard
11/06/26 09:37:18 - INFO - 
11/06/26 09:37:22 - INFO - 🌐 Nueva IP: 127.0.0.1
11/06/26 09:37:32 - INFO - ✓ Login: pato (dev_6bp0…)
11/06/26 09:37:39 - INFO - ✓ Votos actualizados: 2 totales
11/06/26 09:37:42 - INFO - ✓ Votos actualizados: 3 totales
11/06/26 09:37:45 - INFO - ✓ Votos actualizados: 2 totales
11/06/26 09:37:49 - INFO - ✓ Votos actualizados: 3 totales
11/06/26 09:39:09 - INFO - ✓ Votos actualizados: 4 totales
11/06/26 09:39:35 - INFO - ➕ Categoría AGREGADA: 'Segunda Dama de Honor'
11/06/26 09:39:44 - INFO - ✓ Votos actualizados: 5 totales
