15/05/26 11:20:49 - INFO - ✓ Datos cargados en memoria
15/05/26 11:20:49 - INFO - ✓ Guardado automático iniciado (cada 30 segundos)
15/05/26 11:20:49 - INFO - ============================================================
15/05/26 11:20:49 - INFO - 🎓 SERVIDOR DE ELECCIONES (v2)
15/05/26 11:20:49 - INFO - ============================================================
15/05/26 11:20:49 - INFO - 
✓ Escuchando en puerto 3000
15/05/26 11:20:49 - INFO - ✓ Solo redes locales permitidas
15/05/26 11:20:49 - INFO - ✓ Datos persistentes en carpeta 'datos/'
15/05/26 11:20:49 - INFO - ✓ Logs guardados en: logs\15_05_26_11_20.log
15/05/26 11:20:49 - INFO - 
🌐 Acceso local: http://localhost:3000
15/05/26 11:20:49 - INFO - 📱 Acceso desde red: http://192.168.100.68:3000
15/05/26 11:20:49 - INFO - 
💡 Comparte la URL de red con otros dispositivos en la misma red WiFi

15/05/26 11:21:20 - INFO - 🌐 IP CONECTADA: 192.168.100.55
15/05/26 11:21:24 - INFO - ✓ Usuario pato inició sesión
15/05/26 11:22:16 - INFO - ✓ Votos guardados (sync): 9 votos totales
15/05/26 11:22:46 - INFO - ✓ Votos guardados (sync): 9 votos totales
15/05/26 11:23:43 - INFO - ✓ Votos guardados (sync): 9 votos totales
15/05/26 11:23:46 - INFO - ✓ Votos guardados (sync): 9 votos totales
15/05/26 11:24:16 - INFO - ✓ Votos guardados (sync): 9 votos totales
15/05/26 11:24:46 - INFO - ✓ Votos guardados (sync): 9 votos totales
15/05/26 11:25:16 - INFO - ✓ Votos guardados (sync): 9 votos totales
15/05/26 11:25:46 - INFO - ✓ Votos guardados (sync): 9 votos totales
15/05/26 11:26:16 - INFO - ✓ Votos guardados (sync): 9 votos totales
15/05/26 11:26:46 - INFO - ✓ Votos guardados (sync): 9 votos totales
15/05/26 11:26:52 - INFO - 🌐 IP CONECTADA: 127.0.0.1
15/05/26 11:26:55 - INFO - ✓ Usuario admin inició sesión
15/05/26 11:26:56 - INFO - ✓ Usuario admin inició sesión
15/05/26 11:27:17 - INFO - ✓ Votos guardados (sync): 9 votos totales
15/05/26 11:27:33 - INFO - 🌐 IP CONECTADA: 192.168.100.58
15/05/26 11:27:41 - INFO - ✓ Usuario carlos inició sesión
